exports[`FriendList should match the snapshot 1`] = `
<ul
  className={undefined} />
`;
